[2026-08-17 09:31:42,528] [basehttp.py:154] [basehttp:log_message] [INFO]- "GET / HTTP/1.1" 302 0
[2026-08-17 09:31:42,558] [basehttp.py:154] [basehttp:log_message] [INFO]- "GET /login/ HTTP/1.1" 200 4823
[2026-08-17 09:31:42,718] [basehttp.py:154] [basehttp:log_message] [INFO]- "GET /static/css/bootstrap.min.css HTTP/1.1" 200 144883
[2026-08-17 09:31:43,886] [basehttp.py:154] [basehttp:log_message] [INFO]- "GET /favicon.ico HTTP/1.1" 302 0
[2026-08-17 09:31:43,897] [basehttp.py:154] [basehttp:log_message] [INFO]- "GET /login/ HTTP/1.1" 200 4823
[2026-08-17 09:31:49,191] [UserIP.py:90] [UserIP:process_response] [CRITICAL]- 系统错误Expecting value: line 1 column 1 (char 0)
[2026-08-17 09:31:49,445] [basehttp.py:154] [basehttp:log_message] [INFO]- "POST /login/ HTTP/1.1" 302 0
[2026-08-17 09:31:49,605] [basehttp.py:154] [basehttp:log_message] [INFO]- "GET /login/ HTTP/1.1" 302 0
[2026-08-17 09:31:53,576] [basehttp.py:154] [basehttp:log_message] [INFO]- "GET /DeviceLNV/M_edit/ HTTP/1.1" 200 135262
[2026-08-17 09:31:54,814] [basehttp.py:154] [basehttp:log_message] [INFO]- "GET /favicon.ico HTTP/1.1" 200 38274
[2026-08-17 09:31:57,298] [UserIP.py:88] [UserIP:process_response] [INFO]- 2026-08-17 09:31:57: C1010S3/AnonymousUser/Cao.Edwin> None/EDWIN/bxbei > 127.0.0.1/127.0.0.1 > <WSGIRequest: POST '/DeviceLNV/M_edit/'>
[2026-08-17 09:31:57,313] [basehttp.py:154] [basehttp:log_message] [INFO]- "POST /DeviceLNV/M_edit/ HTTP/1.1" 200 37082
[2026-08-17 13:19:38,246] [basehttp.py:154] [basehttp:log_message] [INFO]- "GET /DeviceLNV/M_edit/ HTTP/1.1" 200 135262
[2026-08-17 13:19:39,219] [basehttp.py:154] [basehttp:log_message] [INFO]- "GET /favicon.ico HTTP/1.1" 200 38274
[2026-08-17 13:19:43,055] [UserIP.py:88] [UserIP:process_response] [INFO]- 2026-08-17 13:19:43: C1010S3/AnonymousUser/Cao.Edwin> None/EDWIN/bxbei > 127.0.0.1/127.0.0.1 > <WSGIRequest: POST '/DeviceLNV/M_edit/'>
[2026-08-17 13:19:43,074] [basehttp.py:154] [basehttp:log_message] [INFO]- "POST /DeviceLNV/M_edit/ HTTP/1.1" 200 37082
[2026-08-17 13:22:47,131] [basehttp.py:154] [basehttp:log_message] [INFO]- "GET /DeviceLNV/M_edit/ HTTP/1.1" 200 135297
[2026-08-17 13:22:47,609] [basehttp.py:154] [basehttp:log_message] [INFO]- "GET /favicon.ico HTTP/1.1" 200 38274
[2026-08-17 13:22:53,101] [UserIP.py:88] [UserIP:process_response] [INFO]- 2026-08-17 13:22:53: C1010S3/AnonymousUser/Cao.Edwin> None/EDWIN/bxbei > 127.0.0.1/127.0.0.1 > <WSGIRequest: POST '/DeviceLNV/M_edit/'>
[2026-08-17 13:22:53,122] [basehttp.py:154] [basehttp:log_message] [INFO]- "POST /DeviceLNV/M_edit/ HTTP/1.1" 200 37082
[2026-08-17 13:23:34,202] [basehttp.py:154] [basehttp:log_message] [INFO]- "GET /TestDeviceLNV/device-score-page/ HTTP/1.1" 200 57225
[2026-08-17 13:23:34,527] [basehttp.py:154] [basehttp:log_message] [INFO]- "GET /static/js/echart/echart.js HTTP/1.1" 200 771071
[2026-08-17 13:23:34,791] [basehttp.py:154] [basehttp:log_message] [INFO]- "GET /TestDeviceLNV/device-score/?action=get_models HTTP/1.1" 200 422
[2026-08-17 13:23:34,795] [basehttp.py:154] [basehttp:log_message] [INFO]- "GET /static/download_UPK/element-ui@2.12.0/lib/theme-chalk/fonts/element-icons.woff HTTP/1.1" 200 28200
[2026-08-17 13:23:34,870] [basehttp.py:154] [basehttp:log_message] [INFO]- "GET /favicon.ico HTTP/1.1" 200 38274
[2026-08-17 13:23:35,157] [basehttp.py:154] [basehttp:log_message] [INFO]- "GET /TestDeviceLNV/device-score/?model=LNV HTTP/1.1" 200 1292320
[2026-08-17 13:23:35,220] [basehttp.py:154] [basehttp:log_message] [INFO]- "GET /TestDeviceLNV/device-score/?model=LNV HTTP/1.1" 200 1292320
[2026-08-17 13:28:04,920] [basehttp.py:154] [basehttp:log_message] [INFO]- "GET /TestDeviceLNV/device-score-page/ HTTP/1.1" 200 57225
[2026-08-17 13:28:05,174] [basehttp.py:154] [basehttp:log_message] [INFO]- "GET /TestDeviceLNV/device-score/?action=get_models HTTP/1.1" 200 422
[2026-08-17 13:28:05,234] [basehttp.py:154] [basehttp:log_message] [INFO]- "GET /favicon.ico HTTP/1.1" 200 38274
[2026-08-17 13:28:05,852] [basehttp.py:154] [basehttp:log_message] [INFO]- "GET /TestDeviceLNV/device-score/?model=LNV HTTP/1.1" 200 1324054
[2026-08-17 13:28:05,957] [basehttp.py:154] [basehttp:log_message] [INFO]- "GET /TestDeviceLNV/device-score/?model=LNV HTTP/1.1" 200 1324054
[2026-08-17 13:51:18,860] [basehttp.py:154] [basehttp:log_message] [INFO]- "GET /TestDeviceLNV/device-score-page/ HTTP/1.1" 200 57439
[2026-08-17 13:51:19,571] [basehttp.py:154] [basehttp:log_message] [INFO]- "GET /TestDeviceLNV/device-score/?action=get_models HTTP/1.1" 200 422
[2026-08-17 13:51:20,030] [basehttp.py:154] [basehttp:log_message] [INFO]- "GET /TestDeviceLNV/device-score/?model=LNV HTTP/1.1" 200 1462903
[2026-08-17 13:51:20,091] [basehttp.py:154] [basehttp:log_message] [INFO]- "GET /favicon.ico HTTP/1.1" 200 38274
[2026-08-17 13:51:20,113] [basehttp.py:154] [basehttp:log_message] [INFO]- "GET /TestDeviceLNV/device-score/?model=LNV HTTP/1.1" 200 1462903
[2026-08-17 13:58:50,671] [basehttp.py:154] [basehttp:log_message] [INFO]- "GET /TestDeviceLNV/device-score-page/ HTTP/1.1" 200 57439
[2026-08-17 13:58:50,988] [basehttp.py:154] [basehttp:log_message] [INFO]- "GET /TestDeviceLNV/device-score/?action=get_models HTTP/1.1" 200 422
[2026-08-17 13:58:51,153] [basehttp.py:154] [basehttp:log_message] [INFO]- "GET /favicon.ico HTTP/1.1" 200 38274
[2026-08-17 13:58:51,684] [basehttp.py:154] [basehttp:log_message] [INFO]- "GET /TestDeviceLNV/device-score/?model=LNV HTTP/1.1" 200 1462903
[2026-08-17 13:58:51,749] [basehttp.py:154] [basehttp:log_message] [INFO]- "GET /TestDeviceLNV/device-score/?model=LNV HTTP/1.1" 200 1462903
[2026-08-17 13:59:40,448] [basehttp.py:154] [basehttp:log_message] [INFO]- "GET /TestDeviceLNV/device-score-page/ HTTP/1.1" 200 57439
[2026-08-17 13:59:40,668] [basehttp.py:154] [basehttp:log_message] [INFO]- "GET /TestDeviceLNV/device-score/?action=get_models HTTP/1.1" 200 422
[2026-08-17 13:59:40,732] [basehttp.py:154] [basehttp:log_message] [INFO]- "GET /favicon.ico HTTP/1.1" 200 38274
[2026-08-17 13:59:41,158] [basehttp.py:154] [basehttp:log_message] [INFO]- "GET /TestDeviceLNV/device-score/?model=LNV HTTP/1.1" 200 1462903
[2026-08-17 13:59:41,220] [basehttp.py:154] [basehttp:log_message] [INFO]- "GET /TestDeviceLNV/device-score/?model=LNV HTTP/1.1" 200 1462903
[2026-08-17 14:00:24,862] [basehttp.py:154] [basehttp:log_message] [INFO]- "GET /TestDeviceLNV/device-score-page/ HTTP/1.1" 200 57439
[2026-08-17 14:00:25,103] [basehttp.py:154] [basehttp:log_message] [INFO]- "GET /TestDeviceLNV/device-score/?action=get_models HTTP/1.1" 200 422
[2026-08-17 14:00:25,186] [basehttp.py:154] [basehttp:log_message] [INFO]- "GET /favicon.ico HTTP/1.1" 200 38274
[2026-08-17 14:00:26,779] [basehttp.py:154] [basehttp:log_message] [INFO]- "GET /TestDeviceLNV/device-score/?model=LNV HTTP/1.1" 200 1441942
[2026-08-17 14:00:26,859] [basehttp.py:154] [basehttp:log_message] [INFO]- "GET /TestDeviceLNV/device-score/?model=LNV HTTP/1.1" 200 1441942
[2026-08-17 14:02:38,614] [basehttp.py:154] [basehttp:log_message] [INFO]- "GET /.well-known/appspecific/com.chrome.devtools.json HTTP/1.1" 200 38274
[2026-08-17 14:02:38,832] [basehttp.py:154] [basehttp:log_message] [WARNING]- "GET /static/js/axios.min.map HTTP/1.1" 404 1773
[2026-08-17 14:02:38,832] [basehttp.py:154] [basehttp:log_message] [WARNING]- "GET /static/js/lib/bootstrap.min.js.map HTTP/1.1" 404 1806
[2026-08-17 14:02:38,835] [basehttp.py:154] [basehttp:log_message] [WARNING]- "GET /static/js/xlsx/FileSaver.min.js.map HTTP/1.1" 404 1809
[2026-08-17 14:02:38,870] [basehttp.py:154] [basehttp:log_message] [WARNING]- "GET /static/css/bootstrap.min.css.map HTTP/1.1" 404 1800
[2026-08-17 14:02:46,642] [basehttp.py:154] [basehttp:log_message] [INFO]- "GET /TestDeviceLNV/device-score-page/ HTTP/1.1" 200 57439
[2026-08-17 14:02:46,739] [basehttp.py:154] [basehttp:log_message] [INFO]- "GET /.well-known/appspecific/com.chrome.devtools.json HTTP/1.1" 200 38274
[2026-08-17 14:02:46,746] [basehttp.py:154] [basehttp:log_message] [WARNING]- "GET /static/css/bootstrap.min.css.map HTTP/1.1" 404 1800
[2026-08-17 14:02:46,772] [basehttp.py:154] [basehttp:log_message] [WARNING]- "GET /static/js/lib/bootstrap.min.js.map HTTP/1.1" 404 1806
[2026-08-17 14:02:46,929] [basehttp.py:154] [basehttp:log_message] [WARNING]- "GET /static/js/axios.min.map HTTP/1.1" 404 1773
[2026-08-17 14:02:47,062] [basehttp.py:154] [basehttp:log_message] [WARNING]- "GET /static/js/xlsx/FileSaver.min.js.map HTTP/1.1" 404 1809
[2026-08-17 14:02:47,190] [basehttp.py:154] [basehttp:log_message] [INFO]- "GET /TestDeviceLNV/device-score/?action=get_models HTTP/1.1" 200 422
[2026-08-17 14:02:47,221] [basehttp.py:154] [basehttp:log_message] [INFO]- "GET /TestDeviceLNV/device-score/?model=LNV HTTP/1.1" 200 1441942
[2026-08-17 14:02:47,290] [basehttp.py:154] [basehttp:log_message] [INFO]- "GET /TestDeviceLNV/device-score/?model=LNV HTTP/1.1" 200 1441942
[2026-08-17 14:02:47,294] [basehttp.py:154] [basehttp:log_message] [INFO]- "GET /favicon.ico HTTP/1.1" 200 38274
[2026-08-17 14:06:37,812] [basehttp.py:154] [basehttp:log_message] [INFO]- "GET /TestDeviceLNV/device-score-page/ HTTP/1.1" 200 57439
[2026-08-17 14:06:37,956] [basehttp.py:154] [basehttp:log_message] [INFO]- "GET /.well-known/appspecific/com.chrome.devtools.json HTTP/1.1" 200 38274
[2026-08-17 14:06:38,026] [basehttp.py:154] [basehttp:log_message] [WARNING]- "GET /static/css/bootstrap.min.css.map HTTP/1.1" 404 1800
[2026-08-17 14:06:38,051] [basehttp.py:154] [basehttp:log_message] [WARNING]- "GET /static/js/lib/bootstrap.min.js.map HTTP/1.1" 404 1806
[2026-08-17 14:06:38,297] [basehttp.py:154] [basehttp:log_message] [WARNING]- "GET /static/js/axios.min.map HTTP/1.1" 404 1773
[2026-08-17 14:06:38,474] [basehttp.py:154] [basehttp:log_message] [WARNING]- "GET /static/js/xlsx/FileSaver.min.js.map HTTP/1.1" 404 1809
[2026-08-17 14:06:38,589] [basehttp.py:154] [basehttp:log_message] [INFO]- "GET /TestDeviceLNV/device-score/?action=get_models HTTP/1.1" 200 422
[2026-08-17 14:06:38,683] [basehttp.py:154] [basehttp:log_message] [INFO]- "GET /favicon.ico HTTP/1.1" 200 38274
[2026-08-17 14:06:39,938] [basehttp.py:154] [basehttp:log_message] [INFO]- "GET /TestDeviceLNV/device-score/?model=LNV HTTP/1.1" 200 1441942
[2026-08-17 14:06:40,032] [basehttp.py:154] [basehttp:log_message] [INFO]- "GET /TestDeviceLNV/device-score/?model=LNV HTTP/1.1" 200 1441942
