[2026-08-24 10:09:06,972] [basehttp.py:154] [basehttp:log_message] [INFO]- "GET / HTTP/1.1" 302 0
[2026-08-24 10:09:07,099] [basehttp.py:154] [basehttp:log_message] [INFO]- "GET /login/ HTTP/1.1" 200 4823
[2026-08-24 10:09:07,228] [basehttp.py:154] [basehttp:log_message] [INFO]- "GET /static/vendor/fontawesome-free/css/all.min.css HTTP/1.1" 200 54645
[2026-08-24 10:09:07,264] [basehttp.py:154] [basehttp:log_message] [INFO]- "GET /static/css/sb-admin.css HTTP/1.1" 200 225559
[2026-08-24 10:09:07,270] [basehttp.py:154] [basehttp:log_message] [INFO]- "GET /static/css/test1.css HTTP/1.1" 200 29532
[2026-08-24 10:09:07,312] [basehttp.py:154] [basehttp:log_message] [INFO]- "GET /static/vendor/jquery-easing/jquery.easing.min.js HTTP/1.1" 200 2532
[2026-08-24 10:09:07,319] [basehttp.py:154] [basehttp:log_message] [INFO]- "GET /static/css/bootstrap.min.css HTTP/1.1" 200 144883
[2026-08-24 10:09:07,428] [basehttp.py:154] [basehttp:log_message] [INFO]- "GET /static/vendor/bootstrap/js/bootstrap.bundle.min.js HTTP/1.1" 200 76314
[2026-08-24 10:09:07,482] [basehttp.py:154] [basehttp:log_message] [INFO]- "GET /static/vendor/jquery/jquery.min.js HTTP/1.1" 200 86929
[2026-08-24 10:09:07,486] [basehttp.py:154] [basehttp:log_message] [INFO]- "GET /static/src/yellow.jpg HTTP/1.1" 200 81394
[2026-08-24 10:09:07,901] [basehttp.py:154] [basehttp:log_message] [INFO]- "GET /favicon.ico HTTP/1.1" 302 0
[2026-08-24 10:09:07,911] [basehttp.py:154] [basehttp:log_message] [INFO]- "GET /login/ HTTP/1.1" 200 4823
[2026-08-24 10:09:11,193] [UserIP.py:90] [UserIP:process_response] [CRITICAL]- 系统错误Expecting value: line 1 column 1 (char 0)
[2026-08-24 10:09:11,275] [basehttp.py:154] [basehttp:log_message] [INFO]- "POST /login/ HTTP/1.1" 302 0
[2026-08-24 10:09:11,356] [basehttp.py:154] [basehttp:log_message] [INFO]- "GET /login/ HTTP/1.1" 302 0
[2026-08-24 10:09:12,316] [basehttp.py:154] [basehttp:log_message] [INFO]- "GET /index/ HTTP/1.1" 200 47351
[2026-08-24 10:09:12,426] [basehttp.py:154] [basehttp:log_message] [INFO]- "GET /static/css/home_zerogrid.css HTTP/1.1" 200 4828
[2026-08-24 10:09:12,474] [basehttp.py:154] [basehttp:log_message] [INFO]- "GET /static/css/home_style.css HTTP/1.1" 200 23905
[2026-08-24 10:09:12,476] [basehttp.py:154] [basehttp:log_message] [INFO]- "GET /static/css/home_menu.css HTTP/1.1" 200 8597
[2026-08-24 10:09:12,485] [basehttp.py:154] [basehttp:log_message] [INFO]- "GET /static/css/ElementUI.css HTTP/1.1" 200 232696
[2026-08-24 10:09:12,491] [basehttp.py:154] [basehttp:log_message] [INFO]- "GET /static/js/lib/jquery.nanoscroller.min.js HTTP/1.1" 200 12440
[2026-08-24 10:09:12,517] [basehttp.py:154] [basehttp:log_message] [INFO]- "GET /static/js/lib/preloader/pace.min.js HTTP/1.1" 200 27501
[2026-08-24 10:09:12,520] [basehttp.py:154] [basehttp:log_message] [INFO]- "GET /static/js/lib/menubar/sidebar.js HTTP/1.1" 200 7681
[2026-08-24 10:09:12,528] [basehttp.py:154] [basehttp:log_message] [INFO]- "GET /static/js/scripts.js HTTP/1.1" 200 1906
[2026-08-24 10:09:12,554] [basehttp.py:154] [basehttp:log_message] [INFO]- "GET /static/js/lib/calendar-2/moment.latest.min.js HTTP/1.1" 200 61867
[2026-08-24 10:09:12,556] [basehttp.py:154] [basehttp:log_message] [INFO]- "GET /static/js/lib/calendar-2/pignose.init.js HTTP/1.1" 200 258
[2026-08-24 10:09:12,569] [basehttp.py:154] [basehttp:log_message] [INFO]- "GET /static/js/lib/circle-progress/circle-progress-init.js HTTP/1.1" 200 1252
[2026-08-24 10:09:12,575] [basehttp.py:154] [basehttp:log_message] [INFO]- "GET /static/js/lib/circle-progress/circle-progress.min.js HTTP/1.1" 200 4462
[2026-08-24 10:09:12,578] [basehttp.py:154] [basehttp:log_message] [INFO]- "GET /static/js/lib/bootstrap.min.js HTTP/1.1" 200 69811
[2026-08-24 10:09:12,582] [basehttp.py:154] [basehttp:log_message] [INFO]- "GET /static/js/lib/jquery.min.js HTTP/1.1" 200 97367
[2026-08-24 10:09:12,590] [basehttp.py:154] [basehttp:log_message] [INFO]- "GET /static/js/lib/calendar-2/pignose.calendar.min.js HTTP/1.1" 200 24271
[2026-08-24 10:09:12,692] [basehttp.py:154] [basehttp:log_message] [INFO]- "GET /static/js/lib/sparklinechart/jquery.sparkline.min.js HTTP/1.1" 200 43251
[2026-08-24 10:09:12,711] [basehttp.py:154] [basehttp:log_message] [INFO]- "GET /static/js/lib/owl-carousel/owl.carousel-init.js HTTP/1.1" 200 1044
[2026-08-24 10:09:12,712] [basehttp.py:154] [basehttp:log_message] [INFO]- "GET /static/js/lib/sparklinechart/sparkline.init.js HTTP/1.1" 200 9974
[2026-08-24 10:09:12,738] [basehttp.py:154] [basehttp:log_message] [INFO]- "GET /static/js/date.js HTTP/1.1" 200 764
[2026-08-24 10:09:12,755] [basehttp.py:154] [basehttp:log_message] [INFO]- "GET /static/js/lib/owl-carousel/owl.carousel.min.js HTTP/1.1" 200 42860
[2026-08-24 10:09:12,817] [basehttp.py:154] [basehttp:log_message] [INFO]- "GET /static/vendor/datatables/jquery.dataTables.js HTTP/1.1" 200 462902
[2026-08-24 10:09:12,896] [basehttp.py:154] [basehttp:log_message] [INFO]- "GET /static/js/datapicker.js HTTP/1.1" 200 11813
[2026-08-24 10:09:12,918] [basehttp.py:154] [basehttp:log_message] [INFO]- "GET /static/js/qs.js HTTP/1.1" 200 26204
[2026-08-24 10:09:12,930] [basehttp.py:154] [basehttp:log_message] [INFO]- "GET /static/js/lib/calendar-2/prism.min.js HTTP/1.1" 200 8828
[2026-08-24 10:09:12,937] [basehttp.py:154] [basehttp:log_message] [INFO]- "GET /static/css/bootstrap-icons/font/fonts/bootstrap-icons.woff2?30af91bf14e37666a085fb8a161ff36d HTTP/1.1" 200 92064
[2026-08-24 10:09:12,982] [basehttp.py:154] [basehttp:log_message] [INFO]- "GET /static/js/vue-router.min.js HTTP/1.1" 200 27797
[2026-08-24 10:09:13,020] [basehttp.py:154] [basehttp:log_message] [INFO]- "GET /static/js/lib/calendar-2/semantic.ui.min.js HTTP/1.1" 200 287792
[2026-08-24 10:09:13,030] [basehttp.py:154] [basehttp:log_message] [INFO]- "GET /static/js/axios.min.js HTTP/1.1" 200 13704
[2026-08-24 10:09:13,031] [basehttp.py:154] [basehttp:log_message] [INFO]- "GET /static/js/es6/polyfill.min.js HTTP/1.1" 200 97799
[2026-08-24 10:09:13,085] [basehttp.py:154] [basehttp:log_message] [INFO]- "GET /static/js/Element/main.js HTTP/1.1" 200 8989
[2026-08-24 10:09:13,087] [basehttp.py:154] [basehttp:log_message] [INFO]- "GET /static/js/Element/table.js HTTP/1.1" 200 29314
[2026-08-24 10:09:13,109] [basehttp.py:154] [basehttp:log_message] [INFO]- "GET /static/js/xlsx/FileSaver.min.js HTTP/1.1" 200 2613
[2026-08-24 10:09:13,122] [basehttp.py:154] [basehttp:log_message] [INFO]- "GET /static/js/Element/input.js HTTP/1.1" 200 30197
[2026-08-24 10:09:13,132] [basehttp.py:154] [basehttp:log_message] [INFO]- "GET /static/js/vue.min.js HTTP/1.1" 200 93680
[2026-08-24 10:09:13,147] [basehttp.py:154] [basehttp:log_message] [INFO]- "GET /static/js/Element/icon.js HTTP/1.1" 200 8963
[2026-08-24 10:09:13,165] [basehttp.py:154] [basehttp:log_message] [INFO]- "GET /static/js/xlsx/xlsx.core.min.js HTTP/1.1" 200 480575
[2026-08-24 10:09:13,191] [basehttp.py:154] [basehttp:log_message] [INFO]- "GET /static/js/Element/date-picker.js HTTP/1.1" 200 192225
[2026-08-24 10:09:13,200] [basehttp.py:154] [basehttp:log_message] [INFO]- "GET /static/js/Element/form.js HTTP/1.1" 200 10523
[2026-08-24 10:09:13,205] [basehttp.py:154] [basehttp:log_message] [INFO]- "GET /static/js/Element/table-column.js HTTP/1.1" 200 29272
[2026-08-24 10:09:13,208] [basehttp.py:154] [basehttp:log_message] [INFO]- "GET /static/js/Element/dialog.js HTTP/1.1" 200 12452
[2026-08-24 10:09:13,231] [basehttp.py:154] [basehttp:log_message] [INFO]- "GET /static/js/Element/message.js HTTP/1.1" 200 11465
[2026-08-24 10:09:13,260] [basehttp.py:154] [basehttp:log_message] [INFO]- "GET /static/js/Element/pagination.js HTTP/1.1" 200 23027
[2026-08-24 10:09:13,276] [basehttp.py:154] [basehttp:log_message] [INFO]- "GET /static/js/Element/tooltip.js HTTP/1.1" 200 8774
[2026-08-24 10:09:13,329] [basehttp.py:154] [basehttp:log_message] [INFO]- "GET /static/js/xlsx/xlsx.js HTTP/1.1" 200 5900
[2026-08-24 10:09:13,352] [basehttp.py:154] [basehttp:log_message] [INFO]- "GET /static/fonts/themify.woff?-fvbane HTTP/1.1" 200 56108
[2026-08-24 10:09:13,430] [basehttp.py:154] [basehttp:log_message] [INFO]- "GET /static/js/es6/babel.min.js HTTP/1.1" 200 791258
[2026-08-24 10:09:13,510] [basehttp.py:154] [basehttp:log_message] [INFO]- "GET /static/js/Element/index.js HTTP/1.1" 200 563790
[2026-08-24 10:09:14,017] [basehttp.py:154] [basehttp:log_message] [INFO]- "GET /static/src/jinqiu5.jpg HTTP/1.1" 200 76515
[2026-08-24 10:09:14,042] [basehttp.py:154] [basehttp:log_message] [INFO]- "GET /static/src/qiu1.jpg HTTP/1.1" 200 611283
[2026-08-24 10:09:14,049] [basehttp.py:154] [basehttp:log_message] [INFO]- "GET /static/css/fonts/element-icons.ttf HTTP/1.1" 200 55956
[2026-08-24 10:09:14,061] [basehttp.py:154] [basehttp:log_message] [INFO]- "GET /static/src/lu.jpg HTTP/1.1" 200 680519
[2026-08-24 10:09:14,165] [UserIP.py:88] [UserIP:process_response] [INFO]- 2026-08-24 10:09:14: C1010S3/AnonymousUser/Cao.Edwin> None/EDWIN/bxbei > 127.0.0.1/127.0.0.1 > <WSGIRequest: POST '/index/'>
[2026-08-24 10:09:14,243] [basehttp.py:154] [basehttp:log_message] [INFO]- "POST /index/ HTTP/1.1" 200 1621
[2026-08-24 10:09:14,434] [log.py:228] [log:log_response] [WARNING]- Not Found: /media/img/UserInfo/Jully_Li.jpg
[2026-08-24 10:09:14,435] [basehttp.py:154] [basehttp:log_message] [WARNING]- "GET /media/img/UserInfo/Jully_Li.jpg HTTP/1.1" 404 1803
[2026-08-24 10:09:14,541] [basehttp.py:154] [basehttp:log_message] [INFO]- "GET /favicon.ico HTTP/1.1" 200 38274
[2026-08-24 10:09:25,986] [basehttp.py:154] [basehttp:log_message] [INFO]- "GET /TestDeviceLNV/device-score-page/ HTTP/1.1" 200 57551
[2026-08-24 10:09:26,476] [basehttp.py:154] [basehttp:log_message] [INFO]- "GET /static/js/echart/echart.js HTTP/1.1" 200 771071
[2026-08-24 10:09:26,647] [basehttp.py:154] [basehttp:log_message] [INFO]- "GET /static/download_UPK/element-ui@2.12.0/lib/theme-chalk/fonts/element-icons.woff HTTP/1.1" 200 28200
[2026-08-24 10:09:26,671] [basehttp.py:154] [basehttp:log_message] [INFO]- "GET /TestDeviceLNV/device-score/?action=get_models HTTP/1.1" 200 422
[2026-08-24 10:09:26,762] [basehttp.py:154] [basehttp:log_message] [INFO]- "GET /favicon.ico HTTP/1.1" 200 38274
[2026-08-24 10:09:29,169] [basehttp.py:154] [basehttp:log_message] [INFO]- "GET /TestDeviceLNV/device-score/?model=LNV HTTP/1.1" 200 1462651
[2026-08-24 10:09:29,312] [basehttp.py:154] [basehttp:log_message] [INFO]- "GET /TestDeviceLNV/device-score/?model=LNV HTTP/1.1" 200 1462651
[2026-08-24 10:23:02,517] [basehttp.py:154] [basehttp:log_message] [INFO]- "GET /TestDeviceLNV/device-score-page/ HTTP/1.1" 200 57551
[2026-08-24 10:23:02,797] [basehttp.py:154] [basehttp:log_message] [INFO]- "GET /TestDeviceLNV/device-score/?action=get_models HTTP/1.1" 200 422
[2026-08-24 10:23:02,848] [basehttp.py:154] [basehttp:log_message] [INFO]- "GET /favicon.ico HTTP/1.1" 200 38274
[2026-08-24 10:23:14,687] [basehttp.py:154] [basehttp:log_message] [INFO]- "GET /TestDeviceLNV/device-score/?model=LNV HTTP/1.1" 200 1524050
[2026-08-24 10:23:14,739] [basehttp.py:154] [basehttp:log_message] [INFO]- "GET /TestDeviceLNV/device-score/?model=LNV HTTP/1.1" 200 1524050
[2026-08-24 10:33:12,324] [basehttp.py:154] [basehttp:log_message] [INFO]- "GET /TestDeviceLNV/device-score-page/ HTTP/1.1" 200 57551
[2026-08-24 10:33:12,770] [basehttp.py:154] [basehttp:log_message] [INFO]- "GET /TestDeviceLNV/device-score/?action=get_models HTTP/1.1" 200 422
[2026-08-24 10:33:12,796] [basehttp.py:154] [basehttp:log_message] [INFO]- "GET /favicon.ico HTTP/1.1" 200 38274
[2026-08-24 10:33:25,533] [basehttp.py:154] [basehttp:log_message] [INFO]- "GET /TestDeviceLNV/device-score/?model=LNV HTTP/1.1" 200 1485747
[2026-08-24 10:33:25,591] [basehttp.py:154] [basehttp:log_message] [INFO]- "GET /TestDeviceLNV/device-score/?model=LNV HTTP/1.1" 200 1485747
[2026-08-24 10:34:54,318] [basehttp.py:154] [basehttp:log_message] [INFO]- "GET /TestDeviceLNV/device-score-page/ HTTP/1.1" 200 57551
[2026-08-24 10:34:54,471] [basehttp.py:154] [basehttp:log_message] [INFO]- "GET /TestDeviceLNV/device-score/?action=get_models HTTP/1.1" 200 422
[2026-08-24 10:34:54,579] [basehttp.py:154] [basehttp:log_message] [INFO]- "GET /favicon.ico HTTP/1.1" 200 38274
[2026-08-24 10:35:06,154] [basehttp.py:154] [basehttp:log_message] [INFO]- "GET /TestDeviceLNV/device-score/?model=LNV HTTP/1.1" 200 1524050
[2026-08-24 10:35:06,235] [basehttp.py:154] [basehttp:log_message] [INFO]- "GET /TestDeviceLNV/device-score/?model=LNV HTTP/1.1" 200 1524050
[2026-08-24 10:38:25,410] [basehttp.py:154] [basehttp:log_message] [INFO]- "GET /TestDeviceLNV/device-score-page/ HTTP/1.1" 200 57551
[2026-08-24 10:38:25,605] [basehttp.py:154] [basehttp:log_message] [INFO]- "GET /TestDeviceLNV/device-score/?action=get_models HTTP/1.1" 200 422
[2026-08-24 10:38:25,674] [basehttp.py:154] [basehttp:log_message] [INFO]- "GET /favicon.ico HTTP/1.1" 200 38274
[2026-08-24 10:38:38,563] [basehttp.py:154] [basehttp:log_message] [INFO]- "GET /TestDeviceLNV/device-score/?model=LNV HTTP/1.1" 200 1485747
[2026-08-24 10:38:38,649] [basehttp.py:154] [basehttp:log_message] [INFO]- "GET /TestDeviceLNV/device-score/?model=LNV HTTP/1.1" 200 1485747
[2026-08-24 10:45:29,294] [basehttp.py:154] [basehttp:log_message] [INFO]- "GET /TestDeviceLNV/device-score-page/ HTTP/1.1" 200 57551
[2026-08-24 10:45:29,462] [basehttp.py:154] [basehttp:log_message] [INFO]- "GET /TestDeviceLNV/device-score/?action=get_models HTTP/1.1" 200 422
[2026-08-24 10:45:29,490] [basehttp.py:154] [basehttp:log_message] [INFO]- "GET /favicon.ico HTTP/1.1" 200 38274
[2026-08-24 10:45:39,077] [basehttp.py:154] [basehttp:log_message] [INFO]- "GET /TestDeviceLNV/device-score/?model=LNV HTTP/1.1" 200 1931562
[2026-08-24 10:45:39,129] [basehttp.py:154] [basehttp:log_message] [INFO]- "GET /TestDeviceLNV/device-score/?model=LNV HTTP/1.1" 200 1931562
[2026-08-24 11:01:57,956] [basehttp.py:154] [basehttp:log_message] [INFO]- "GET /TestDeviceLNV/device-score-page/ HTTP/1.1" 200 57551
[2026-08-24 11:01:58,147] [basehttp.py:154] [basehttp:log_message] [INFO]- "GET /TestDeviceLNV/device-score/?action=get_models HTTP/1.1" 200 422
[2026-08-24 11:01:58,165] [basehttp.py:154] [basehttp:log_message] [INFO]- "GET /favicon.ico HTTP/1.1" 200 38274
[2026-08-24 11:02:10,981] [basehttp.py:154] [basehttp:log_message] [INFO]- "GET /TestDeviceLNV/device-score/?model=LNV HTTP/1.1" 200 1932006
[2026-08-24 11:02:11,097] [basehttp.py:154] [basehttp:log_message] [INFO]- "GET /TestDeviceLNV/device-score/?model=LNV HTTP/1.1" 200 1932006
[2026-08-24 11:14:02,257] [basehttp.py:154] [basehttp:log_message] [INFO]- "GET /TestDeviceLNV/device-score-page/ HTTP/1.1" 200 57551
[2026-08-24 11:14:02,434] [basehttp.py:154] [basehttp:log_message] [INFO]- "GET /TestDeviceLNV/device-score/?action=get_models HTTP/1.1" 200 422
[2026-08-24 11:14:02,479] [basehttp.py:154] [basehttp:log_message] [INFO]- "GET /favicon.ico HTTP/1.1" 200 38274
[2026-08-24 11:14:15,516] [basehttp.py:154] [basehttp:log_message] [INFO]- "GET /TestDeviceLNV/device-score/?model=LNV HTTP/1.1" 200 1932006
[2026-08-24 11:14:15,644] [basehttp.py:154] [basehttp:log_message] [INFO]- "GET /TestDeviceLNV/device-score/?model=LNV HTTP/1.1" 200 1932006
[2026-08-24 13:45:44,294] [basehttp.py:154] [basehttp:log_message] [INFO]- "GET /TestDeviceLNV/device-score-page/ HTTP/1.1" 200 57551
[2026-08-24 13:45:44,736] [basehttp.py:154] [basehttp:log_message] [INFO]- "GET /TestDeviceLNV/device-score/?action=get_models HTTP/1.1" 200 422
[2026-08-24 13:45:44,825] [basehttp.py:154] [basehttp:log_message] [INFO]- "GET /favicon.ico HTTP/1.1" 200 38274
[2026-08-24 13:45:58,177] [basehttp.py:154] [basehttp:log_message] [INFO]- "GET /TestDeviceLNV/device-score/?model=LNV HTTP/1.1" 200 1932006
[2026-08-24 13:45:58,261] [basehttp.py:154] [basehttp:log_message] [INFO]- "GET /TestDeviceLNV/device-score/?model=LNV HTTP/1.1" 200 1932006
[2026-08-24 13:47:07,181] [basehttp.py:154] [basehttp:log_message] [INFO]- "GET /.well-known/appspecific/com.chrome.devtools.json HTTP/1.1" 200 38274
[2026-08-24 13:47:07,305] [basehttp.py:154] [basehttp:log_message] [WARNING]- "GET /static/js/lib/bootstrap.min.js.map HTTP/1.1" 404 1806
[2026-08-24 13:47:07,305] [basehttp.py:154] [basehttp:log_message] [WARNING]- "GET /static/js/xlsx/FileSaver.min.js.map HTTP/1.1" 404 1809
[2026-08-24 13:47:07,306] [basehttp.py:154] [basehttp:log_message] [WARNING]- "GET /static/js/axios.min.map HTTP/1.1" 404 1773
[2026-08-24 13:47:07,330] [basehttp.py:154] [basehttp:log_message] [WARNING]- "GET /static/css/bootstrap.min.css.map HTTP/1.1" 404 1800
[2026-08-24 13:47:09,302] [basehttp.py:154] [basehttp:log_message] [INFO]- "GET /TestDeviceLNV/device-score-page/ HTTP/1.1" 200 57551
[2026-08-24 13:47:09,457] [basehttp.py:154] [basehttp:log_message] [WARNING]- "GET /static/css/bootstrap.min.css.map HTTP/1.1" 404 1800
[2026-08-24 13:47:09,458] [basehttp.py:154] [basehttp:log_message] [WARNING]- "GET /static/js/lib/bootstrap.min.js.map HTTP/1.1" 404 1806
[2026-08-24 13:47:09,488] [basehttp.py:154] [basehttp:log_message] [INFO]- "GET /.well-known/appspecific/com.chrome.devtools.json HTTP/1.1" 200 38274
[2026-08-24 13:47:09,656] [basehttp.py:154] [basehttp:log_message] [WARNING]- "GET /static/js/axios.min.map HTTP/1.1" 404 1773
[2026-08-24 13:47:09,827] [basehttp.py:154] [basehttp:log_message] [WARNING]- "GET /static/js/xlsx/FileSaver.min.js.map HTTP/1.1" 404 1809
[2026-08-24 13:47:10,000] [basehttp.py:154] [basehttp:log_message] [INFO]- "GET /TestDeviceLNV/device-score/?action=get_models HTTP/1.1" 200 422
[2026-08-24 13:47:10,016] [basehttp.py:154] [basehttp:log_message] [INFO]- "GET /TestDeviceLNV/device-score/?model=LNV HTTP/1.1" 200 1932006
[2026-08-24 13:47:10,023] [basehttp.py:154] [basehttp:log_message] [INFO]- "GET /favicon.ico HTTP/1.1" 200 38274
[2026-08-24 13:47:10,736] [basehttp.py:154] [basehttp:log_message] [INFO]- "GET /TestDeviceLNV/device-score/?model=LNV HTTP/1.1" 200 1932006
[2026-08-24 13:54:24,269] [basehttp.py:154] [basehttp:log_message] [INFO]- "GET /TestDeviceLNV/device-score-page/ HTTP/1.1" 200 57960
[2026-08-24 13:54:24,415] [basehttp.py:154] [basehttp:log_message] [WARNING]- "GET /static/css/bootstrap.min.css.map HTTP/1.1" 404 1800
[2026-08-24 13:54:24,420] [basehttp.py:154] [basehttp:log_message] [WARNING]- "GET /static/js/lib/bootstrap.min.js.map HTTP/1.1" 404 1806
[2026-08-24 13:54:24,424] [basehttp.py:154] [basehttp:log_message] [INFO]- "GET /.well-known/appspecific/com.chrome.devtools.json HTTP/1.1" 200 38274
[2026-08-24 13:54:24,597] [basehttp.py:154] [basehttp:log_message] [WARNING]- "GET /static/js/axios.min.map HTTP/1.1" 404 1773
[2026-08-24 13:54:24,757] [basehttp.py:154] [basehttp:log_message] [WARNING]- "GET /static/js/xlsx/FileSaver.min.js.map HTTP/1.1" 404 1809
[2026-08-24 13:54:24,853] [basehttp.py:154] [basehttp:log_message] [INFO]- "GET /TestDeviceLNV/device-score/?action=get_models HTTP/1.1" 200 422
[2026-08-24 13:54:24,906] [basehttp.py:154] [basehttp:log_message] [INFO]- "GET /favicon.ico HTTP/1.1" 200 38274
[2026-08-24 13:54:38,567] [basehttp.py:154] [basehttp:log_message] [INFO]- "GET /TestDeviceLNV/device-score/?model=LNV HTTP/1.1" 200 1932006
[2026-08-24 13:54:38,662] [basehttp.py:154] [basehttp:log_message] [INFO]- "GET /TestDeviceLNV/device-score/?model=LNV HTTP/1.1" 200 1932006
[2026-08-25 11:16:58,817] [basehttp.py:154] [basehttp:log_message] [INFO]- "GET /DeviceLNV/M_edit/ HTTP/1.1" 302 0
[2026-08-25 11:16:59,159] [basehttp.py:154] [basehttp:log_message] [INFO]- "GET /login/ HTTP/1.1" 200 4823
[2026-08-25 11:16:59,462] [basehttp.py:154] [basehttp:log_message] [INFO]- "GET /favicon.ico HTTP/1.1" 302 0
[2026-08-25 11:16:59,470] [basehttp.py:154] [basehttp:log_message] [INFO]- "GET /login/ HTTP/1.1" 200 4823
[2026-08-25 11:17:00,954] [UserIP.py:90] [UserIP:process_response] [CRITICAL]- 系统错误Expecting value: line 1 column 1 (char 0)
[2026-08-25 11:17:01,051] [basehttp.py:154] [basehttp:log_message] [INFO]- "POST /login/ HTTP/1.1" 302 0
[2026-08-25 11:17:01,122] [basehttp.py:154] [basehttp:log_message] [INFO]- "GET /login/ HTTP/1.1" 302 0
[2026-08-25 11:17:02,898] [UserIP.py:90] [UserIP:process_response] [CRITICAL]- 系统错误Expecting value: line 1 column 1 (char 0)
[2026-08-25 11:17:02,928] [basehttp.py:154] [basehttp:log_message] [INFO]- "POST /login/ HTTP/1.1" 302 0
[2026-08-25 11:17:05,528] [UserIP.py:90] [UserIP:process_response] [CRITICAL]- 系统错误Expecting value: line 1 column 1 (char 0)
[2026-08-25 11:17:05,561] [basehttp.py:154] [basehttp:log_message] [INFO]- "POST /login/ HTTP/1.1" 302 0
[2026-08-25 11:17:20,043] [basehttp.py:154] [basehttp:log_message] [INFO]- "GET /TestDeviceLNV/device-score/ HTTP/1.1" 200 1932006
[2026-08-25 11:17:20,212] [basehttp.py:154] [basehttp:log_message] [ERROR]- "GET /TestDeviceLNV/device-score/ HTTP/1.1" 500 59
[2026-08-25 11:17:22,286] [basehttp.py:154] [basehttp:log_message] [INFO]- "GET /TestDeviceLNV/device-score/ HTTP/1.1" 200 1932006
[2026-08-25 11:17:22,291] [basehttp.py:154] [basehttp:log_message] [ERROR]- "GET /TestDeviceLNV/device-score/ HTTP/1.1" 500 59
[2026-08-25 11:17:24,618] [basehttp.py:154] [basehttp:log_message] [INFO]- "GET /TestDeviceLNV/device-score/ HTTP/1.1" 200 1932006
[2026-08-25 11:17:25,045] [basehttp.py:154] [basehttp:log_message] [INFO]- "GET /favicon.ico HTTP/1.1" 200 38274
[2026-08-25 11:17:30,180] [basehttp.py:154] [basehttp:log_message] [INFO]- "GET /TestDeviceLNV/ HTTP/1.1" 200 38274
[2026-08-25 11:17:30,261] [basehttp.py:154] [basehttp:log_message] [INFO]- "GET /static/src/kiwi.jpg HTTP/1.1" 200 83786
[2026-08-25 11:17:30,400] [basehttp.py:154] [basehttp:log_message] [INFO]- "GET /favicon.ico HTTP/1.1" 200 38274
[2026-08-25 11:17:47,042] [basehttp.py:154] [basehttp:log_message] [INFO]- "GET /DeviceLNV/M_edit/ HTTP/1.1" 200 135297
[2026-08-25 11:17:47,102] [basehttp.py:154] [basehttp:log_message] [INFO]- "GET /static/src/back/document_save_2_24px_539656_easyicon.net.png HTTP/1.1" 200 2187
[2026-08-25 11:17:47,123] [basehttp.py:154] [basehttp:log_message] [INFO]- "GET /static/css/index.css HTTP/1.1" 200 232694
[2026-08-25 11:17:47,281] [basehttp.py:154] [basehttp:log_message] [INFO]- "GET /static/js/Element/image.js HTTP/1.1" 200 26016
[2026-08-25 11:17:47,738] [basehttp.py:154] [basehttp:log_message] [INFO]- "GET /static/css/fonts/element-icons.woff HTTP/1.1" 200 28200
[2026-08-25 11:17:47,809] [basehttp.py:154] [basehttp:log_message] [INFO]- "GET /favicon.ico HTTP/1.1" 200 38274
[2026-08-25 11:17:58,304] [log.py:228] [log:log_response] [ERROR]- Internal Server Error: /DeviceLNV/M_edit/
Traceback (most recent call last):
  File "C:\Python372\mecheck\lib\site-packages\django\core\handlers\exception.py", line 34, in inner
    response = get_response(request)
  File "C:\Python372\mecheck\lib\site-packages\django\core\handlers\base.py", line 126, in _get_response
    response = self.process_exception_by_middleware(e, request)
  File "C:\Python372\mecheck\lib\site-packages\django\core\handlers\base.py", line 124, in _get_response
    response = wrapped_callback(request, *callback_args, **callback_kwargs)
  File "C:\Python372\mecheck\lib\site-packages\django\views\decorators\csrf.py", line 54, in wrapped_view
    return view_func(*args, **kwargs)
  File "C:\djangoproject\DMS\DeviceLNV\views.py", line 7384, in M_edit
    group_dept_map = {p['GroupNum']: p['DepartmentCode'] for p in Pers_list if p.get('GroupNum')}
TypeError: 'int' object is not iterable
[2026-08-25 11:17:58,317] [UserIP.py:90] [UserIP:process_response] [CRITICAL]- 系统错误Expecting value: line 1 column 1 (char 0)
[2026-08-25 11:17:58,319] [basehttp.py:154] [basehttp:log_message] [ERROR]- "POST /DeviceLNV/M_edit/ HTTP/1.1" 500 117363
[2026-08-25 11:20:08,687] [basehttp.py:154] [basehttp:log_message] [INFO]- "GET /.well-known/appspecific/com.chrome.devtools.json HTTP/1.1" 200 38274
[2026-08-25 11:20:08,760] [basehttp.py:154] [basehttp:log_message] [WARNING]- "GET /static/js/lib/bootstrap.min.js.map HTTP/1.1" 404 1806
[2026-08-25 11:20:08,760] [basehttp.py:154] [basehttp:log_message] [WARNING]- "GET /static/js/axios.min.map HTTP/1.1" 404 1773
[2026-08-25 11:20:08,760] [basehttp.py:154] [basehttp:log_message] [WARNING]- "GET /static/js/xlsx/FileSaver.min.js.map HTTP/1.1" 404 1809
[2026-08-25 11:20:08,797] [basehttp.py:154] [basehttp:log_message] [WARNING]- "GET /static/css/bootstrap.min.css.map HTTP/1.1" 404 1800
[2026-08-25 11:20:24,716] [basehttp.py:154] [basehttp:log_message] [INFO]- "GET /DeviceLNV/M_edit/ HTTP/1.1" 200 135297
[2026-08-25 11:20:24,854] [basehttp.py:154] [basehttp:log_message] [INFO]- "GET /.well-known/appspecific/com.chrome.devtools.json HTTP/1.1" 200 38274
[2026-08-25 11:20:24,902] [basehttp.py:154] [basehttp:log_message] [WARNING]- "GET /static/css/bootstrap.min.css.map HTTP/1.1" 404 1800
[2026-08-25 11:20:24,929] [basehttp.py:154] [basehttp:log_message] [WARNING]- "GET /static/js/lib/bootstrap.min.js.map HTTP/1.1" 404 1806
[2026-08-25 11:20:25,147] [basehttp.py:154] [basehttp:log_message] [WARNING]- "GET /static/js/axios.min.map HTTP/1.1" 404 1773
[2026-08-25 11:20:25,219] [basehttp.py:154] [basehttp:log_message] [WARNING]- "GET /static/js/xlsx/FileSaver.min.js.map HTTP/1.1" 404 1809
[2026-08-25 11:20:25,503] [basehttp.py:154] [basehttp:log_message] [INFO]- "GET /favicon.ico HTTP/1.1" 200 38274
[2026-08-25 11:20:28,767] [log.py:228] [log:log_response] [ERROR]- Internal Server Error: /DeviceLNV/M_edit/
Traceback (most recent call last):
  File "C:\Python372\mecheck\lib\site-packages\django\core\handlers\exception.py", line 34, in inner
    response = get_response(request)
  File "C:\Python372\mecheck\lib\site-packages\django\core\handlers\base.py", line 126, in _get_response
    response = self.process_exception_by_middleware(e, request)
  File "C:\Python372\mecheck\lib\site-packages\django\core\handlers\base.py", line 124, in _get_response
    response = wrapped_callback(request, *callback_args, **callback_kwargs)
  File "C:\Python372\mecheck\lib\site-packages\django\views\decorators\csrf.py", line 54, in wrapped_view
    return view_func(*args, **kwargs)
  File "C:\djangoproject\DMS\DeviceLNV\views.py", line 7384, in M_edit
    group_dept_map = {p['GroupNum']: p['DepartmentCode'] for p in Pers_list if p.get('GroupNum')}
TypeError: 'int' object is not iterable
[2026-08-25 11:20:28,772] [UserIP.py:90] [UserIP:process_response] [CRITICAL]- 系统错误Expecting value: line 1 column 1 (char 0)
[2026-08-25 11:20:28,774] [basehttp.py:154] [basehttp:log_message] [ERROR]- "POST /DeviceLNV/M_edit/ HTTP/1.1" 500 117363
[2026-08-25 11:27:29,555] [basehttp.py:154] [basehttp:log_message] [INFO]- "GET /DeviceLNV/M_edit/ HTTP/1.1" 200 135297
[2026-08-25 11:27:29,702] [basehttp.py:154] [basehttp:log_message] [INFO]- "GET /.well-known/appspecific/com.chrome.devtools.json HTTP/1.1" 200 38274
[2026-08-25 11:27:29,804] [basehttp.py:154] [basehttp:log_message] [WARNING]- "GET /static/css/bootstrap.min.css.map HTTP/1.1" 404 1800
[2026-08-25 11:27:29,821] [basehttp.py:154] [basehttp:log_message] [WARNING]- "GET /static/js/lib/bootstrap.min.js.map HTTP/1.1" 404 1806
[2026-08-25 11:27:30,271] [basehttp.py:154] [basehttp:log_message] [WARNING]- "GET /static/js/axios.min.map HTTP/1.1" 404 1773
[2026-08-25 11:27:30,440] [basehttp.py:154] [basehttp:log_message] [WARNING]- "GET /static/js/xlsx/FileSaver.min.js.map HTTP/1.1" 404 1809
[2026-08-25 11:27:32,386] [basehttp.py:154] [basehttp:log_message] [INFO]- "GET /favicon.ico HTTP/1.1" 200 38274
[2026-08-25 11:27:35,270] [log.py:228] [log:log_response] [ERROR]- Internal Server Error: /DeviceLNV/M_edit/
Traceback (most recent call last):
  File "C:\Python372\mecheck\lib\site-packages\django\core\handlers\exception.py", line 34, in inner
    response = get_response(request)
  File "C:\Python372\mecheck\lib\site-packages\django\core\handlers\base.py", line 126, in _get_response
    response = self.process_exception_by_middleware(e, request)
  File "C:\Python372\mecheck\lib\site-packages\django\core\handlers\base.py", line 124, in _get_response
    response = wrapped_callback(request, *callback_args, **callback_kwargs)
  File "C:\Python372\mecheck\lib\site-packages\django\views\decorators\csrf.py", line 54, in wrapped_view
    return view_func(*args, **kwargs)
  File "C:\djangoproject\DMS\DeviceLNV\views.py", line 7384, in M_edit
    group_dept_map = {p['GroupNum']: p['DepartmentCode'] for p in Pers_list if p.get('GroupNum')}
TypeError: 'int' object is not iterable
[2026-08-25 11:27:35,273] [UserIP.py:90] [UserIP:process_response] [CRITICAL]- 系统错误Expecting value: line 1 column 1 (char 0)
[2026-08-25 11:27:35,275] [basehttp.py:154] [basehttp:log_message] [ERROR]- "POST /DeviceLNV/M_edit/ HTTP/1.1" 500 117363
