[2026-07-27 13:40:59,705] [basehttp.py:154] [basehttp:log_message] [INFO]- "GET / HTTP/1.1" 302 0
[2026-07-27 13:40:59,740] [basehttp.py:154] [basehttp:log_message] [INFO]- "GET /login/ HTTP/1.1" 200 4823
[2026-07-27 13:40:59,922] [basehttp.py:154] [basehttp:log_message] [INFO]- "GET /static/vendor/fontawesome-free/css/all.min.css HTTP/1.1" 200 54645
[2026-07-27 13:40:59,934] [basehttp.py:154] [basehttp:log_message] [INFO]- "GET /static/css/test1.css HTTP/1.1" 200 29532
[2026-07-27 13:40:59,982] [basehttp.py:154] [basehttp:log_message] [INFO]- "GET /static/css/bootstrap.min.css HTTP/1.1" 200 144883
[2026-07-27 13:41:00,011] [basehttp.py:154] [basehttp:log_message] [INFO]- "GET /static/css/sb-admin.css HTTP/1.1" 200 225559
[2026-07-27 13:41:00,113] [basehttp.py:154] [basehttp:log_message] [INFO]- "GET /static/src/yellow.jpg HTTP/1.1" 200 81394
[2026-07-27 13:41:00,119] [basehttp.py:154] [basehttp:log_message] [INFO]- "GET /static/vendor/jquery-easing/jquery.easing.min.js HTTP/1.1" 200 2532
[2026-07-27 13:41:00,224] [basehttp.py:154] [basehttp:log_message] [INFO]- "GET /static/vendor/bootstrap/js/bootstrap.bundle.min.js HTTP/1.1" 200 76314
[2026-07-27 13:41:00,241] [basehttp.py:154] [basehttp:log_message] [INFO]- "GET /static/vendor/jquery/jquery.min.js HTTP/1.1" 200 86929
[2026-07-27 13:41:00,414] [basehttp.py:154] [basehttp:log_message] [INFO]- "GET /favicon.ico HTTP/1.1" 302 0
[2026-07-27 13:41:00,419] [basehttp.py:154] [basehttp:log_message] [INFO]- "GET /login/ HTTP/1.1" 200 4823
[2026-07-27 13:41:10,022] [UserIP.py:90] [UserIP:process_response] [CRITICAL]- 系统错误Expecting value: line 1 column 1 (char 0)
[2026-07-27 13:41:10,702] [basehttp.py:154] [basehttp:log_message] [INFO]- "POST /login/ HTTP/1.1" 302 0
[2026-07-27 13:41:10,828] [basehttp.py:154] [basehttp:log_message] [INFO]- "GET /login/ HTTP/1.1" 302 0
[2026-07-27 13:41:11,329] [basehttp.py:154] [basehttp:log_message] [INFO]- "GET /index/ HTTP/1.1" 200 47351
[2026-07-27 13:41:11,399] [basehttp.py:154] [basehttp:log_message] [INFO]- "GET /static/css/lib/calendar2/pignose.calendar.min.css HTTP/1.1" 200 14709
[2026-07-27 13:41:11,403] [basehttp.py:154] [basehttp:log_message] [INFO]- "GET /static/css/lib/chartist/chartist.min.css HTTP/1.1" 200 11508
[2026-07-27 13:41:11,457] [basehttp.py:154] [basehttp:log_message] [INFO]- "GET /static/css/lib/owl.carousel.min.css HTTP/1.1" 200 3016
[2026-07-27 13:41:11,466] [basehttp.py:154] [basehttp:log_message] [INFO]- "GET /static/css/lib/font-awesome.min.css HTTP/1.1" 200 41765
[2026-07-27 13:41:11,472] [basehttp.py:154] [basehttp:log_message] [INFO]- "GET /static/css/lib/themify-icons.css HTTP/1.1" 200 18695
[2026-07-27 13:41:11,481] [basehttp.py:154] [basehttp:log_message] [INFO]- "GET /static/download_UPK/element-ui@2.12.0/lib/theme-chalk/index.css HTTP/1.1" 200 232694
[2026-07-27 13:41:11,489] [basehttp.py:154] [basehttp:log_message] [INFO]- "GET /static/css/lib/owl.theme.default.min.css HTTP/1.1" 200 1008
[2026-07-27 13:41:11,493] [basehttp.py:154] [basehttp:log_message] [INFO]- "GET /static/css/lib/weather-icons.css HTTP/1.1" 200 32590
[2026-07-27 13:41:11,494] [basehttp.py:154] [basehttp:log_message] [INFO]- "GET /static/css/bootstrap-icons/font/bootstrap-icons.css HTTP/1.1" 200 73271
[2026-07-27 13:41:11,502] [basehttp.py:154] [basehttp:log_message] [INFO]- "GET /static/css/lib/menubar/sidebar.css HTTP/1.1" 200 17496
[2026-07-27 13:41:11,502] [basehttp.py:154] [basehttp:log_message] [INFO]- "GET /static/css/lib/helper.css HTTP/1.1" 200 55773
[2026-07-27 13:41:11,505] [basehttp.py:154] [basehttp:log_message] [INFO]- "GET /static/css/uploadbutton.css HTTP/1.1" 200 175
[2026-07-27 13:41:11,509] [basehttp.py:154] [basehttp:log_message] [INFO]- "GET /static/css/style.css HTTP/1.1" 200 91486
[2026-07-27 13:41:11,513] [basehttp.py:154] [basehttp:log_message] [INFO]- "GET /static/css/home_zerogrid.css HTTP/1.1" 200 4828
[2026-07-27 13:41:11,533] [basehttp.py:154] [basehttp:log_message] [INFO]- "GET /static/css/home_style.css HTTP/1.1" 200 23905
[2026-07-27 13:41:11,543] [basehttp.py:154] [basehttp:log_message] [INFO]- "GET /static/css/home_menu.css HTTP/1.1" 200 8597
[2026-07-27 13:41:11,547] [basehttp.py:154] [basehttp:log_message] [INFO]- "GET /static/css/ElementUI.css HTTP/1.1" 200 232696
[2026-07-27 13:41:11,634] [basehttp.py:154] [basehttp:log_message] [INFO]- "GET /static/js/scripts.js HTTP/1.1" 200 1906
[2026-07-27 13:41:11,654] [basehttp.py:154] [basehttp:log_message] [INFO]- "GET /static/js/lib/preloader/pace.min.js HTTP/1.1" 200 27501
[2026-07-27 13:41:11,660] [basehttp.py:154] [basehttp:log_message] [INFO]- "GET /static/js/lib/menubar/sidebar.js HTTP/1.1" 200 7681
[2026-07-27 13:41:11,686] [basehttp.py:154] [basehttp:log_message] [INFO]- "GET /static/js/lib/jquery.nanoscroller.min.js HTTP/1.1" 200 12440
[2026-07-27 13:41:11,695] [basehttp.py:154] [basehttp:log_message] [INFO]- "GET /static/js/lib/calendar-2/pignose.init.js HTTP/1.1" 200 258
[2026-07-27 13:41:11,717] [basehttp.py:154] [basehttp:log_message] [INFO]- "GET /static/js/lib/bootstrap.min.js HTTP/1.1" 200 69811
[2026-07-27 13:41:11,740] [basehttp.py:154] [basehttp:log_message] [INFO]- "GET /static/js/lib/jquery.min.js HTTP/1.1" 200 97367
[2026-07-27 13:41:11,774] [basehttp.py:154] [basehttp:log_message] [INFO]- "GET /static/js/lib/calendar-2/moment.latest.min.js HTTP/1.1" 200 61867
[2026-07-27 13:41:11,784] [basehttp.py:154] [basehttp:log_message] [INFO]- "GET /static/js/lib/calendar-2/pignose.calendar.min.js HTTP/1.1" 200 24271
[2026-07-27 13:41:11,789] [basehttp.py:154] [basehttp:log_message] [INFO]- "GET /static/js/lib/circle-progress/circle-progress-init.js HTTP/1.1" 200 1252
[2026-07-27 13:41:11,818] [basehttp.py:154] [basehttp:log_message] [INFO]- "GET /static/js/lib/owl-carousel/owl.carousel-init.js HTTP/1.1" 200 1044
[2026-07-27 13:41:11,818] [basehttp.py:154] [basehttp:log_message] [INFO]- "GET /static/js/lib/circle-progress/circle-progress.min.js HTTP/1.1" 200 4462
[2026-07-27 13:41:11,845] [basehttp.py:154] [basehttp:log_message] [INFO]- "GET /static/js/lib/owl-carousel/owl.carousel.min.js HTTP/1.1" 200 42860
[2026-07-27 13:41:11,911] [basehttp.py:154] [basehttp:log_message] [INFO]- "GET /static/js/lib/sparklinechart/sparkline.init.js HTTP/1.1" 200 9974
[2026-07-27 13:41:12,021] [basehttp.py:154] [basehttp:log_message] [INFO]- "GET /static/js/date.js HTTP/1.1" 200 764
[2026-07-27 13:41:12,036] [basehttp.py:154] [basehttp:log_message] [INFO]- "GET /static/vendor/datatables/jquery.dataTables.js HTTP/1.1" 200 462902
[2026-07-27 13:41:12,056] [basehttp.py:154] [basehttp:log_message] [INFO]- "GET /static/js/lib/sparklinechart/jquery.sparkline.min.js HTTP/1.1" 200 43251
[2026-07-27 13:41:12,101] [basehttp.py:154] [basehttp:log_message] [INFO]- "GET /static/js/datapicker.js HTTP/1.1" 200 11813
[2026-07-27 13:41:12,130] [basehttp.py:154] [basehttp:log_message] [INFO]- "GET /static/js/lib/calendar-2/semantic.ui.min.js HTTP/1.1" 200 287792
[2026-07-27 13:41:12,141] [basehttp.py:154] [basehttp:log_message] [INFO]- "GET /static/js/vue-router.min.js HTTP/1.1" 200 27797
[2026-07-27 13:41:12,244] [basehttp.py:154] [basehttp:log_message] [INFO]- "GET /static/js/lib/calendar-2/prism.min.js HTTP/1.1" 200 8828
[2026-07-27 13:41:12,273] [basehttp.py:154] [basehttp:log_message] [INFO]- "GET /static/js/qs.js HTTP/1.1" 200 26204
[2026-07-27 13:41:12,349] [basehttp.py:154] [basehttp:log_message] [INFO]- "GET /static/js/es6/polyfill.min.js HTTP/1.1" 200 97799
[2026-07-27 13:41:12,361] [basehttp.py:154] [basehttp:log_message] [INFO]- "GET /static/css/admin/assets/fonts/themify.woff?-fvbane HTTP/1.1" 200 0
[2026-07-27 13:41:12,366] [basehttp.py:154] [basehttp:log_message] [INFO]- "GET /static/js/axios.min.js HTTP/1.1" 200 13704
[2026-07-27 13:41:12,372] [basehttp.py:154] [basehttp:log_message] [INFO]- "GET /static/js/xlsx/FileSaver.min.js HTTP/1.1" 200 2613
[2026-07-27 13:41:12,388] [basehttp.py:154] [basehttp:log_message] [INFO]- "GET /static/css/bootstrap-icons/font/fonts/bootstrap-icons.woff2?30af91bf14e37666a085fb8a161ff36d HTTP/1.1" 200 92064
[2026-07-27 13:41:12,391] [basehttp.py:154] [basehttp:log_message] [INFO]- "GET /static/css/admin/assets/fonts/themify.ttf?-fvbane HTTP/1.1" 200 0
[2026-07-27 13:41:12,400] [basehttp.py:154] [basehttp:log_message] [INFO]- "GET /static/js/vue.min.js HTTP/1.1" 200 93680
[2026-07-27 13:41:12,419] [basehttp.py:154] [basehttp:log_message] [INFO]- "GET /static/js/Element/main.js HTTP/1.1" 200 8989
[2026-07-27 13:41:12,420] [basehttp.py:154] [basehttp:log_message] [INFO]- "GET /static/js/Element/table.js HTTP/1.1" 200 29314
[2026-07-27 13:41:12,435] [basehttp.py:154] [basehttp:log_message] [INFO]- "GET /static/js/Element/input.js HTTP/1.1" 200 30197
[2026-07-27 13:41:12,452] [basehttp.py:154] [basehttp:log_message] [INFO]- "GET /static/js/xlsx/xlsx.core.min.js HTTP/1.1" 200 480575
[2026-07-27 13:41:12,454] [basehttp.py:154] [basehttp:log_message] [INFO]- "GET /static/js/Element/table-column.js HTTP/1.1" 200 29272
[2026-07-27 13:41:12,460] [basehttp.py:154] [basehttp:log_message] [INFO]- "GET /static/js/Element/icon.js HTTP/1.1" 200 8963
[2026-07-27 13:41:12,509] [basehttp.py:154] [basehttp:log_message] [INFO]- "GET /static/js/Element/message.js HTTP/1.1" 200 11465
[2026-07-27 13:41:12,520] [basehttp.py:154] [basehttp:log_message] [INFO]- "GET /static/js/Element/date-picker.js HTTP/1.1" 200 192225
[2026-07-27 13:41:12,523] [basehttp.py:154] [basehttp:log_message] [INFO]- "GET /static/js/Element/form.js HTTP/1.1" 200 10523
[2026-07-27 13:41:12,527] [basehttp.py:154] [basehttp:log_message] [INFO]- "GET /static/js/Element/dialog.js HTTP/1.1" 200 12452
[2026-07-27 13:41:12,579] [basehttp.py:154] [basehttp:log_message] [INFO]- "GET /static/js/Element/tooltip.js HTTP/1.1" 200 8774
[2026-07-27 13:41:12,603] [basehttp.py:154] [basehttp:log_message] [INFO]- "GET /static/js/Element/pagination.js HTTP/1.1" 200 23027
[2026-07-27 13:41:12,730] [basehttp.py:154] [basehttp:log_message] [INFO]- "GET /static/js/xlsx/xlsx.js HTTP/1.1" 200 5900
[2026-07-27 13:41:12,742] [basehttp.py:154] [basehttp:log_message] [INFO]- "GET /static/fonts/themify.woff?-fvbane HTTP/1.1" 200 56108
[2026-07-27 13:41:12,744] [basehttp.py:154] [basehttp:log_message] [INFO]- "GET /static/js/es6/babel.min.js HTTP/1.1" 200 791258
[2026-07-27 13:41:12,885] [basehttp.py:154] [basehttp:log_message] [INFO]- "GET /static/js/Element/index.js HTTP/1.1" 200 563790
[2026-07-27 13:41:13,111] [basehttp.py:154] [basehttp:log_message] [INFO]- "GET /static/src/jinqiu5.jpg HTTP/1.1" 200 76515
[2026-07-27 13:41:13,130] [basehttp.py:154] [basehttp:log_message] [INFO]- "GET /static/css/fonts/element-icons.ttf HTTP/1.1" 200 55956
[2026-07-27 13:41:13,141] [basehttp.py:154] [basehttp:log_message] [INFO]- "GET /static/src/qiu1.jpg HTTP/1.1" 200 611283
[2026-07-27 13:41:13,162] [basehttp.py:154] [basehttp:log_message] [INFO]- "GET /static/src/lu.jpg HTTP/1.1" 200 680519
[2026-07-27 13:41:13,246] [basehttp.py:154] [basehttp:log_message] [INFO]- "GET /favicon.ico HTTP/1.1" 200 38274
[2026-07-27 13:41:13,249] [UserIP.py:88] [UserIP:process_response] [INFO]- 2026-07-27 13:41:13: C1010S3/AnonymousUser/Cao.Edwin> None/EDWIN/bxbei > 127.0.0.1/127.0.0.1 > <WSGIRequest: POST '/index/'>
[2026-07-27 13:41:13,268] [basehttp.py:154] [basehttp:log_message] [INFO]- "POST /index/ HTTP/1.1" 200 1621
[2026-07-27 13:41:13,498] [log.py:228] [log:log_response] [WARNING]- Not Found: /media/img/UserInfo/Jully_Li.jpg
[2026-07-27 13:41:13,499] [basehttp.py:154] [basehttp:log_message] [WARNING]- "GET /media/img/UserInfo/Jully_Li.jpg HTTP/1.1" 404 1803
[2026-07-27 13:41:25,028] [basehttp.py:154] [basehttp:log_message] [INFO]- "GET /ComputerMS/R_Borrowed/ HTTP/1.1" 200 54964
[2026-07-27 13:41:25,098] [basehttp.py:154] [basehttp:log_message] [INFO]- "GET /static/css/index.css HTTP/1.1" 200 232694
[2026-07-27 13:41:25,582] [basehttp.py:154] [basehttp:log_message] [INFO]- "GET /static/css/fonts/element-icons.woff HTTP/1.1" 200 28200
[2026-07-27 13:41:25,659] [UserIP.py:88] [UserIP:process_response] [INFO]- 2026-07-27 13:41:25: C1010S3/AnonymousUser/Cao.Edwin> None/EDWIN/bxbei > 127.0.0.1/127.0.0.1 > <WSGIRequest: POST '/ComputerMS/R_Borrowed/'>
[2026-07-27 13:41:25,690] [basehttp.py:154] [basehttp:log_message] [INFO]- "POST /ComputerMS/R_Borrowed/ HTTP/1.1" 200 17474
[2026-07-27 13:41:25,825] [basehttp.py:154] [basehttp:log_message] [INFO]- "GET /favicon.ico HTTP/1.1" 200 38274
[2026-07-27 13:41:36,065] [basehttp.py:154] [basehttp:log_message] [INFO]- "GET /ComputerMS/BorrowedComputer/ HTTP/1.1" 200 51988
[2026-07-27 13:41:36,453] [UserIP.py:88] [UserIP:process_response] [INFO]- 2026-07-27 13:41:36: C1010S3/AnonymousUser/Cao.Edwin> None/EDWIN/bxbei > 127.0.0.1/127.0.0.1 > <WSGIRequest: POST '/ComputerMS/BorrowedComputer/'>
[2026-07-27 13:41:36,493] [basehttp.py:154] [basehttp:log_message] [INFO]- "POST /ComputerMS/BorrowedComputer/ HTTP/1.1" 200 149405
[2026-07-27 13:41:36,528] [basehttp.py:154] [basehttp:log_message] [INFO]- "GET /favicon.ico HTTP/1.1" 200 38274
[2026-07-27 13:41:53,659] [basehttp.py:154] [basehttp:log_message] [INFO]- "GET /ComputerMS/BorrowedComputer/ HTTP/1.1" 200 51988
[2026-07-27 13:41:53,851] [basehttp.py:154] [basehttp:log_message] [INFO]- "GET /favicon.ico HTTP/1.1" 200 38274
[2026-07-27 13:41:53,875] [UserIP.py:88] [UserIP:process_response] [INFO]- 2026-07-27 13:41:53: C1010S3/AnonymousUser/Cao.Edwin> None/EDWIN/bxbei > 127.0.0.1/127.0.0.1 > <WSGIRequest: POST '/ComputerMS/BorrowedComputer/'>
[2026-07-27 13:41:53,900] [basehttp.py:154] [basehttp:log_message] [INFO]- "POST /ComputerMS/BorrowedComputer/ HTTP/1.1" 200 149405
[2026-07-27 13:42:24,339] [basehttp.py:154] [basehttp:log_message] [INFO]- "GET /ComputerMS/R_Return/ HTTP/1.1" 200 46772
[2026-07-27 13:42:24,580] [UserIP.py:88] [UserIP:process_response] [INFO]- 2026-07-27 13:42:24: C1010S3/AnonymousUser/Cao.Edwin> None/EDWIN/bxbei > 127.0.0.1/127.0.0.1 > <WSGIRequest: POST '/ComputerMS/R_Return/'>
[2026-07-27 13:42:24,624] [basehttp.py:154] [basehttp:log_message] [INFO]- "POST /ComputerMS/R_Return/ HTTP/1.1" 200 15
[2026-07-27 13:42:24,639] [basehttp.py:154] [basehttp:log_message] [INFO]- "GET /favicon.ico HTTP/1.1" 200 38274
[2026-07-27 13:42:26,980] [basehttp.py:154] [basehttp:log_message] [INFO]- "GET /ComputerMS/R_Transfer/ HTTP/1.1" 200 46786
[2026-07-27 13:42:27,117] [UserIP.py:88] [UserIP:process_response] [INFO]- 2026-07-27 13:42:27: C1010S3/AnonymousUser/Cao.Edwin> None/EDWIN/bxbei > 127.0.0.1/127.0.0.1 > <WSGIRequest: POST '/ComputerMS/R_Transfer/'>
[2026-07-27 13:42:27,129] [basehttp.py:154] [basehttp:log_message] [INFO]- "GET /favicon.ico HTTP/1.1" 200 38274
[2026-07-27 13:42:27,134] [basehttp.py:154] [basehttp:log_message] [INFO]- "POST /ComputerMS/R_Transfer/ HTTP/1.1" 200 539
[2026-07-27 13:42:31,963] [UserIP.py:88] [UserIP:process_response] [INFO]- 2026-07-27 13:42:31: C1010S3/AnonymousUser/Cao.Edwin> None/EDWIN/bxbei > 127.0.0.1/127.0.0.1 > <WSGIRequest: POST '/ComputerMS/R_Transfer/'>
[2026-07-27 13:42:31,977] [basehttp.py:154] [basehttp:log_message] [INFO]- "POST /ComputerMS/R_Transfer/ HTTP/1.1" 200 15
[2026-07-27 13:42:47,145] [basehttp.py:154] [basehttp:log_message] [INFO]- "GET /ComputerMS/BorrowedComputer/ HTTP/1.1" 200 51988
[2026-07-27 13:42:47,351] [UserIP.py:88] [UserIP:process_response] [INFO]- 2026-07-27 13:42:47: C1010S3/AnonymousUser/Cao.Edwin> None/EDWIN/bxbei > 127.0.0.1/127.0.0.1 > <WSGIRequest: POST '/ComputerMS/BorrowedComputer/'>
[2026-07-27 13:42:47,353] [basehttp.py:154] [basehttp:log_message] [INFO]- "GET /favicon.ico HTTP/1.1" 200 38274
[2026-07-27 13:42:47,375] [basehttp.py:154] [basehttp:log_message] [INFO]- "POST /ComputerMS/BorrowedComputer/ HTTP/1.1" 200 149371
[2026-07-27 13:42:49,990] [basehttp.py:154] [basehttp:log_message] [INFO]- "GET /ComputerMS/R_Borrowed/ HTTP/1.1" 200 54964
[2026-07-27 13:42:50,155] [UserIP.py:88] [UserIP:process_response] [INFO]- 2026-07-27 13:42:50: C1010S3/AnonymousUser/Cao.Edwin> None/EDWIN/bxbei > 127.0.0.1/127.0.0.1 > <WSGIRequest: POST '/ComputerMS/R_Borrowed/'>
[2026-07-27 13:42:50,160] [basehttp.py:154] [basehttp:log_message] [INFO]- "GET /favicon.ico HTTP/1.1" 200 38274
[2026-07-27 13:42:50,167] [basehttp.py:154] [basehttp:log_message] [INFO]- "POST /ComputerMS/R_Borrowed/ HTTP/1.1" 200 17953
[2026-07-27 13:42:53,128] [UserIP.py:88] [UserIP:process_response] [INFO]- 2026-07-27 13:42:53: C1010S3/AnonymousUser/Cao.Edwin> None/EDWIN/bxbei > 127.0.0.1/127.0.0.1 > <WSGIRequest: POST '/ComputerMS/R_Borrowed/'>
[2026-07-27 13:42:53,139] [basehttp.py:154] [basehttp:log_message] [INFO]- "POST /ComputerMS/R_Borrowed/ HTTP/1.1" 200 17495
[2026-07-27 13:43:08,640] [basehttp.py:154] [basehttp:log_message] [INFO]- "GET /ComputerMS/R_Return/ HTTP/1.1" 200 46772
[2026-07-27 13:43:08,770] [UserIP.py:88] [UserIP:process_response] [INFO]- 2026-07-27 13:43:08: C1010S3/AnonymousUser/Cao.Edwin> None/EDWIN/bxbei > 127.0.0.1/127.0.0.1 > <WSGIRequest: POST '/ComputerMS/R_Return/'>
[2026-07-27 13:43:08,796] [basehttp.py:154] [basehttp:log_message] [INFO]- "GET /favicon.ico HTTP/1.1" 200 38274
[2026-07-27 13:43:08,813] [basehttp.py:154] [basehttp:log_message] [INFO]- "POST /ComputerMS/R_Return/ HTTP/1.1" 200 485
